// Jest Snapshot v1, https://goo.gl/fbAQLP

exports[`<ContainerDashboard /> Should render <ContainerDashboard /> 1`] = `
<View
  style={
    Array [
      Object {
        "alignItems": "center",
        "flexBasis": 0,
        "flexDirection": "column",
        "flexGrow": 1,
        "flexShrink": 1,
        "flexWrap": "nowrap",
        "justifyContent": "space-between",
        "paddingBottom": 30,
        "paddingLeft": 0,
        "paddingRight": 0,
        "paddingTop": 20,
      },
    ]
  }
/>
`;
